// Jest Snapshot v1, https://goo.gl/fbAQLP

exports[`Check render controllo link mobile Check render results 1`] = `ShallowWrapper {}`;

exports[`Check render controllo link mobile Check render results 2`] = `ShallowWrapper {}`;

exports[`Check render controllo link mobile Check render results 3`] = `ShallowWrapper {}`;

exports[`Check render controllo link mobile Check render results 4`] = `ShallowWrapper {}`;

exports[`Check render controllo link mobile Check render results 5`] = `ShallowWrapper {}`;
