// Jest Snapshot v1, https://goo.gl/fbAQLP

exports[`Check render View  1`] = `ShallowWrapper {}`;

exports[`Check render View Check render view 1`] = `ShallowWrapper {}`;
