// Jest Snapshot v1, https://goo.gl/fbAQLP

exports[`Check render controllo link mobile Check render results 1`] = `ShallowWrapper {}`;
